>> smoke: wilcoxon_tss on every task
>> contrast: bacterial_vaginosis vs healthy (97 vs 248 samples)
>> contrast: Cancer vs Normal (191 vs 251 samples)
>> contrast: supragingival_plaque vs subgingival_plaque (158 vs 150 samples)
>> 18 methods x 5 tasks, 8 at a time
ok   gingival wilcoxon_tss
ok   bv wilcoxon_tss
ok   spikein wilcoxon_tss
ok   crc wilcoxon_tss
ok   risk wilcoxon_tss
ok   bv lm_logtss
ok   bv limma_logtss
ok   crc lm_logtss
ok   gingival lm_logtss
ok   gingival limma_logtss
ok   bv logistic_presence
ok   crc limma_logtss
ok   spikein lm_logtss
ok   crc logistic_presence
ok   spikein limma_logtss
ok   gingival logistic_presence
ok   bv pursue
ok   risk lm_logtss
ok   risk limma_logtss
ok   bv linda
ok   gingival linda
ok   spikein logistic_presence
ok   risk logistic_presence
ok   gingival ancombc2
ok   crc linda
ok   bv ancombc2
ok   crc ancombc2
ok   risk linda
ok   spikein linda
ok   risk ancombc2
ok   spikein ancombc2
ok   bv maaslin3
ok   crc pursue
ok   gingival maaslin3
ok   crc maaslin3
ok   bv aldex2
ok   gingival pursue
ok   crc aldex2
ok   risk maaslin3
ok   bv corncob
ok   gingival aldex2
ok   risk pursue
ok   crc corncob
ok   spikein aldex2
ok   gingival corncob
ok   bv ldm
ok   spikein maaslin3
ok   crc ldm
ok   gingival ldm
ok   risk aldex2
ok   bv locom
ok   spikein ldm
ok   spikein pursue
ok   risk corncob
ok   bv locom2
ok   spikein corncob
ok   gingival locom2
ok   crc locom2
ok   risk ldm
ok   bv zicoseq
ok   crc locom
ok   spikein locom2
ok   crc zicoseq
ok   gingival fastancom
ok   bv fastancom
ok   spikein fastancom
ok   crc fastancom
ok   risk fastancom
ok   gingival adapt
ok   bv adapt
ok   spikein adapt
ok   crc adapt
ok   risk adapt
ok   gingival zicoseq
ok   risk locom2
ok   gingival locom
ok   bv fastemu
ok   risk zicoseq
ok   gingival pursue03_epermcs1
ok   bv pursue03_epermcs1
ok   spikein pursue03_epermcs1
ok   spikein zicoseq
ok   crc pursue03_epermcs1
ok   risk pursue03_epermcs1
ok   risk locom
ok   gingival fastemu
ok   crc fastemu
ok   spikein locom
ok   risk fastemu
ok   spikein fastemu
>> merge

== D__mbd_gingival_v35__biotruth ==
contrast: supragingival_plaque vs subgingival_plaque 
            method       arm n_tested n_calls n_calls_annotated frac_expected_direction enrichment_or enrichment_p runtime_s
               ldm    single     3260     696               596                      NA         0.579     3.44e-05   403.000
           zicoseq    single     3260     657               571                      NA         0.678     4.52e-03  1540.000
             linda    single     3260     637               548                   0.898         0.615     3.95e-04     6.370
      wilcoxon_tss    single     3260     618               528                   0.792         0.578     7.36e-05     2.670
           corncob    single     3260     612               532                      NA         0.684     7.08e-03   419.000
             adapt    single     3260     579               497                   0.956         0.610     4.33e-04     5.130
 logistic_presence    single     3260     579               489                   0.798         0.527     3.97e-06     5.520
          maaslin3  combined     3260     569               486                      NA         0.584     1.54e-04   122.000
 pursue03_epermcs1    single     3260     557               474                   0.943         0.567     7.03e-05   245.000
          maaslin3  presence     3260     538               455                   0.857         0.540     1.40e-05   122.000
      limma_logtss    single     3260     458               390                   0.951         0.584     4.03e-04     0.142
         lm_logtss    single     3260     456               388                   0.948         0.581     3.85e-04     0.087
             locom    single     3260     447               373                   0.949         0.498     3.77e-06  3130.000
         fastancom    single     3260     435               370                   0.876         0.582     5.60e-04     1.860
            locom2    single     3260     378               313                      NA         0.482     4.20e-06   483.000
           fastemu    single     3260     280               226                   0.934         0.422     1.07e-06  8820.000
          maaslin3 abundance     3260     101                81                   0.765         0.436     2.21e-03   122.000
            aldex2    single     3260      62                50                   0.980         0.455     2.89e-02   407.000
            pursue abundance     3260      19                14                   0.929         0.309     3.52e-02   277.000
            pursue  combined     3260      18                13                      NA         0.287     2.81e-02   277.000
          ancombc2    single        0       0                 0                      NA            NA           NA     0.920
            pursue  presence     3260       0                 0                      NA            NA           NA   277.000

== D__mbd_ravel_bv__biotruth ==
contrast: bacterial_vaginosis vs healthy 
            method       arm n_tested n_calls n_calls_annotated frac_expected_direction enrichment_or enrichment_p runtime_s
               ldm    single       55      50                18                      NA           Inf     1.60e-01    24.100
           corncob    single       55      48                18                      NA           Inf     8.24e-02     6.480
      limma_logtss    single       55      48                17                  1.0000          3.23     4.06e-01     0.063
         lm_logtss    single       55      48                17                  1.0000          3.23     4.06e-01     0.060
          maaslin3  combined       55      48                17                      NA          3.23     4.06e-01     4.060
      wilcoxon_tss    single       55      48                17                  1.0000          3.23     4.06e-01     0.095
 logistic_presence    single       55      47                16                  1.0000          1.54     1.00e+00     0.205
          maaslin3  presence       55      47                16                  1.0000          1.54     1.00e+00     4.060
 pursue03_epermcs1    single       55      46                18                  0.9440           Inf     2.32e-02    13.100
             adapt    single       55      45                17                  0.9410          5.33     1.40e-01     0.178
         fastancom    single       55      44                17                  1.0000          6.14     8.02e-02     0.043
             linda    single       55      42                18                  0.9440           Inf     4.92e-03     0.104
           zicoseq    single       55      38                17                      NA         12.50     4.84e-03    23.300
            aldex2    single       55      35                18                  0.0556           Inf     4.63e-05     8.790
             locom    single       55      31                15                  1.0000          6.34     8.26e-03     4.220
            locom2    single       55      29                13                      NA          3.34     5.10e-02    14.100
            pursue  combined       55      29                14                      NA          4.98     1.14e-02     4.990
           fastemu    single       55      23                10                  1.0000          2.27     2.44e-01  1920.000
            pursue  presence       55      23                 9                  1.0000          1.63     5.61e-01     4.990
            pursue abundance       55      20                13                  1.0000         10.50     2.21e-04     4.990
          maaslin3 abundance       55      18                13                  1.0000         15.50     2.74e-05     4.060
          ancombc2    single        0       0                 0                      NA            NA           NA     0.075

== D__mbd_stammler_spikein__spikein ==
            method       arm groupings mean_calls spikein_calls groupings_with_spikein_call
             locom    single        50       4.24             0                           0
            pursue abundance        50       0.16             0                           0
             linda    single        50       0.08             0                           0
            aldex2    single        50       0.06             0                           0
         lm_logtss    single        50       0.06             0                           0
 logistic_presence    single        50       0.06             0                           0
            pursue  combined        50       0.04             0                           0
             adapt    single        50       0.04             0                           0
          maaslin3 abundance        50       0.02             0                           0
          maaslin3  combined        50       0.02             0                           0
               ldm    single        50       0.02             0                           0
          maaslin3  presence        50       0.00             0                           0
            pursue  presence        50       0.00             0                           0
          ancombc2    single        50       0.00             0                           0
         fastancom    single        50       0.00             0                           0
           fastemu    single        50       0.00             0                           0
      limma_logtss    single        50       0.00             0                           0
            locom2    single        50       0.00             0                           0
      wilcoxon_tss    single        50       0.00             0                           0
           zicoseq    single        50       0.00             0                           0
           corncob    single        50      24.10             1                           1
 pursue03_epermcs1    single        50       0.46             1                           1

== E__crc_genus__replicability ==
            method       arm splits nhits replication_pct conflict_pct
             linda    single      5   8.2           93.10         0.00
             adapt    single      5   8.4           85.90         0.00
 logistic_presence    single      5   7.2           82.60         0.00
 pursue03_epermcs1    single      5   8.4           79.30         0.00
           zicoseq    single      5   9.2           78.10         0.00
      limma_logtss    single      5   7.8           76.20         0.00
         lm_logtss    single      5   7.8           76.20         0.00
          maaslin3  presence      5  10.0           73.00         0.00
      wilcoxon_tss    single      5   9.4           72.40         4.44
               ldm    single      5  11.0           44.30         0.00
           corncob    single      5  10.4           39.20         0.00
            pursue  presence      5   4.6           34.70         0.00
            pursue  combined      5   5.2           25.70         0.00
         fastancom    single      5   4.8           21.30         0.00
          maaslin3  combined      5  19.2           18.80         0.00
            locom2    single      5   4.0           16.00         0.00
             locom    single      5   4.6            6.67         0.00
          maaslin3 abundance      5  11.6            5.33         0.00
            pursue abundance      5   4.2            0.00         0.00
            aldex2    single      5   2.0            0.00         0.00
           fastemu    single      5   0.4            0.00         0.00
          ancombc2    single      5   0.0             NaN          NaN

== E__risk_ileum__replicability ==
            method       arm splits nhits replication_pct conflict_pct
             linda    single      5 437.0           61.40        0.000
 pursue03_epermcs1    single      5 390.0           61.10        0.000
             adapt    single      5 406.0           60.80        0.000
          maaslin3  combined      5 481.0           57.50        0.000
      wilcoxon_tss    single      5 478.0           57.00        3.180
          maaslin3  presence      5 401.0           56.20        0.099
           zicoseq    single      5 368.0           55.30        0.000
               ldm    single      5 507.0           55.20        0.000
 logistic_presence    single      5 379.0           53.90        0.109
         fastancom    single      5 235.0           52.30        0.000
      limma_logtss    single      5 262.0           51.70        0.000
         lm_logtss    single      5 261.0           51.50        0.000
           corncob    single      5 562.0           50.50        0.000
            aldex2    single      5  77.6           48.70        0.000
          maaslin3 abundance      5 165.0           36.60        0.250
             locom    single      5 194.0           33.20        0.000
           fastemu    single      5 145.0           31.30        0.204
            pursue  combined      5  62.6           31.20        0.000
            pursue abundance      5  70.6           30.30        0.000
            locom2    single      5 115.0           24.20        0.000
            pursue  presence      5   4.6            6.67        0.000
          ancombc2    single      5   0.0             NaN          NaN
